Microchip MPLAB XC8 Compiler V3.00

Linker command line:

-W-3 \
  --edf=D:\Program Files\Microchip\xc8\v3.00\pic\dat\20241204225717_en.msgs \
  -pivt0x8=08h -cn \
  -h+dist/default/production\SmartGas_Firmware.X.production.sym \
  --cmf=dist/default/production\SmartGas_Firmware.X.production.cmf -z \
  -Q18F25Q43 -oC:\Users\FAT-ANG\AppData\Local\Temp\xcAsmqc.\driver_tmp_3.o \
  --defsym=__MPLAB_BUILD=1 --fixupoverflow=error \
  -Mdist/default/production/SmartGas_Firmware.X.production.map \
  --md=C:\Users\FAT-ANG\AppData\Local\Temp\xcAsmqc.\driver_tmp_0.dat -E1 \
  -ver=XC8 Compiler -ACODE=00h-07FFFh -ACONST=00h-07FFFh \
  -ASMALLCONST=0E00h-0EFFhx114 -AMEDIUMCONST=0E00h-07FFFh \
  -ACOMRAM=0501h-055Fh -AABS1=0500h-0CFFh -ABIGRAM=0501h-0CFFh \
  -ARAM=0560h-05FFh,0600h-06FFhx7 -ABANK5=0560h-05FFh -ABANK6=0600h-06FFh \
  -ABANK7=0700h-07FFh -ABANK8=0800h-08FFh -ABANK9=0900h-09FFh \
  -ABANK10=0A00h-0AFFh -ABANK11=0B00h-0BFFh -ABANK12=0C00h-0CFFh \
  -ASFR=00h-0FFhx4,0400h-045Fh,0460h-04FFh,0D00h-0DFFh \
  -ABIGSFR=00h-04FFh,0D00h-0DFFh -ACONFIG=0300000h-0300011h \
  -AIDLOC=0200000h-020003Fh -AEEDATA=0380000h-03803FFh -peeprom_data=EEDATA \
  -preset_vec=00h -ppowerup=CODE,init -pramtop=0E00h \
  -psmallconst=SMALLCONST -pmediumconst=MEDIUMCONST -pconst=CONST \
  -AFARRAM=00h-00h \
  -prdata=COMRAM,nvrram=COMRAM,nvbit=COMRAM,rbss=COMRAM,rbit=COMRAM \
  -pfarbss=FARRAM,fardata=FARRAM,nvFARRAM=FARRAM \
  -pintsave_regs=BIGRAM,bigbss=BIGRAM,bigdata=BIGRAM -pbss=RAM \
  -pidata=CODE,irdata=CODE,ibigdata=CODE,ifardata=CODE -prparam=COMRAM \
  C:\Users\FAT-ANG\AppData\Local\Temp\xcAsmqc.\driver_tmp_9.o \
  dist/default/production\SmartGas_Firmware.X.production.o 

Object code version is 3.11

Machine type is 18F25Q43



                Name                               Link     Load   Length Selector   Space Scale
C:\Users\FAT-ANG\AppData\Local\Temp\xcAsmqc.\driver_tmp_9.o
                config                           300000   300000        A        0       4
                init                                 1A       1A        4        4       0
                reset_vec                             0        0        4        0       0
dist/default/production\SmartGas_Firmware.X.production.o
                config                           300000   300000        A        0       4
                smallconst                          E00      E00       36      700       0
                ivt0x8                                8        8       12        4       0
                text136                            5978     5978        4     2C47       0
                text135                            5974     5974        4     2C47       0
                text134                            507E     507E       58      71B       0
                text133                            5830     5830       16      71B       0
                text132                            5956     5956        6     2C47       0
                text131                            58F2     58F2        A     2C47       0
                text130                            4C72     4C72       78      71B       0
                text129                            3EAA     3EAA      106      71B       0
                text128                            590C     590C        8     2C47       0
                text127                            581A     581A       16      71B       0
                text126                            5950     5950        6     2C47       0
                text125                            5804     5804       16      71B       0
                text124                            2456     2456      390      71B       0
                text123                            1C9E     1C9E      426      71B       0
                text122                            32CC     32CC      1B4      71B       0
                text121                            41AA     41AA       EE      71B       0
                text120                            5970     5970        4     2C47       0
                text119                            596C     596C        4     2C47       0
                text118                            58E8     58E8        A     2C47       0
                text117                            58DE     58DE        A     2C47       0
                text116                            489C     489C       A4      71B       0
                text115                            5610     5610       30      71B       0
                text114                            46A4     46A4       AE      71B       0
                text113                            4EA2     4EA2       66      71B       0
                text112                            598E     598E        2     2CC0       0
                text111                            55E0     55E0       30      71B       0
                text110                            5876     5876        C      71B       0
                text109                            54B8     54B8       34      71B       0
                text108                            598C     598C        2     2CC0       0
                text107                            55B0     55B0       30      71B       0
                text106                            586A     586A        C      71B       0
                text105                            598A     598A        2     2CC0       0
                text104                            5988     5988        2     2CC0       0
                text103                            5580     5580       30      71B       0
                text102                            5778     5778       1A      71B       0
                text101                            525A     525A       46      71B       0
                text100                            5986     5986        2     2CC0       0
                text99                             4D5C     4D5C       72      71B       0
                text98                             5904     5904        8     2C47       0
                text97                             594A     594A        6     2C47       0
                text96                             4526     4526       C6      71B       0
                text95                             551E     551E       32      71B       0
                text94                             5944     5944        6     2C47       0
                text93                             5984     5984        2     2CC0       0
                text92                             5982     5982        2     2CC0       0
                text91                             5980     5980        2     2CC0       0
                text90                             38E6     38E6      14E      71B       0
                text89                             5414     5414       3A      71B       0
                text88                             2F52     2F52      1C2      71B       0
                text87                             5968     5968        4     2C47       0
                text86                             512A     512A       54      71B       0
                text85                             4CEA     4CEA       72      71B       0
                text84                             58D4     58D4        A     2C47       0
                text83                             593E     593E        6     2C47       0
                text82                             5938     5938        6     2C47       0
                text81                             5964     5964        4     2C47       0
                text80                             5022     5022       5C      71B       0
                text79                             56BE     56BE       22      71B       0
                text78                             5324     5324       40      71B       0
                text77                             5932     5932        6     2C47       0
                text76                             5214     5214       46      71B       0
                text75                             4F08     4F08       60      71B       0
                text74                             20C4     20C4      392      71B       0
                text73                             1876     1876      428      71B       0
                text72                             4380     4380       DA      71B       0
                text71                             58CA     58CA        A     2C47       0
                text70                             56E0     56E0       20      71B       0
                text69                             592C     592C        6     2C47       0
                text68                             57EE     57EE       16      71B       0
                text67                             3C9C     3C9C      108      71B       0
                text66                             3114     3114      1B8      71B       0
                text65                             3DA4     3DA4      106      71B       0
                text64                             3B78     3B78      124      71B       0
                text63                             53DA     53DA       3A      71B       0
                text62                             13BE     13BE      4B8      71B       0
                text61                             51CC     51CC       48      71B       0
                text60                             27E6     27E6      2E4      71B       0
                text59                             2D42     2D42      210      71B       0
                text58                             53A0     53A0       3A      71B       0
                text57                             2ACA     2ACA      278      71B       0
                text56                             360A     360A      17A      71B       0
                text55                             57AA     57AA       18      71B       0
                text54                             517E     517E       4E      71B       0
                text53                             4940     4940       98      71B       0
                text52                             445A     445A       CC      71B       0
                text51                             566E     566E       2A      71B       0
                text50                             5550     5550       30      71B       0
                text49                             5364     5364       3C      71B       0
                text48                             4298     4298       E8      71B       0
                text47                             47F8     47F8       A4      71B       0
                text46                             4FC6     4FC6       5C      71B       0
                text45                             57D8     57D8       16      71B       0
                text44                             5926     5926        6     2C47       0
                text43                             585E     585E        C      71B       0
                text42                             4B74     4B74       80      71B       0
                text41                             3FB0     3FB0      102      71B       0
                text40                             40B2     40B2       F8      71B       0
                text39                             3480     3480      18A      71B       0
                text38                             5960     5960        4     2C47       0
                text37                             595C     595C        4     2C47       0
                text36                             5852     5852        C      71B       0
                text35                             5846     5846        C      71B       0
                text34                             4752     4752       A6      71B       0
                text33                             5484     5484       34      71B       0
                text32                             45EC     45EC       B8      71B       0
                text31                             3A34     3A34      144      71B       0
                text30                             5920     5920        6     2C47       0
                text29                             4F68     4F68       5E      71B       0
                text28                             57C2     57C2       16      71B       0
                text27                             58FC     58FC        8     2C47       0
                text26                             58C0     58C0        A     2C47       0
                text25                             58B6     58B6        A     2C47       0
                text24                             58AC     58AC        A     2C47       0
                text23                             52E4     52E4       40      71B       0
                text22                             591A     591A        6     2C47       0
                text21                             5914     5914        6     2C47       0
                text20                             4A68     4A68       88      71B       0
                text19                             575A     575A       1E      71B       0
                text18                             58A2     58A2        A     2C47       0
                text17                             5898     5898        A     2C47       0
                text16                             588E     588E        A     2C47       0
                text15                             4E3A     4E3A       68      71B       0
                text14                             52A0     52A0       44      71B       0
                text13                             5698     5698       26      71B       0
                text12                             573C     573C       1E      71B       0
                text11                             571E     571E       1E      71B       0
                text10                             5700     5700       1E      71B       0
                text9                              49D8     49D8       90      71B       0
                text8                              5640     5640       2E      71B       0
                text7                              50D6     50D6       54      71B       0
                text6                              5792     5792       18      71B       0
                text5                              544E     544E       36      71B       0
                text4                              4DCE     4DCE       6C      71B       0
                text3                              54EC     54EC       32      71B       0
                text2                              4AF0     4AF0       84      71B       0
                text1                               E36      E36      588      71B       0
                text0                              3784     3784      162      71B       0
                cstackCOMRAM                        501      501       5D      501       1
                cstackBANK5                         560      560       8C      560       1
                bssBANK7                            700      700       80      700       1
                dataBANK6                           6F1      6F1        B      600       1
                bssBANK6                            600      600       DF      600       1
                dataBANK5                           5FD      5FD        3      560       1
                bssBANK5                            5EC      5EC       11      560       1
                bssCOMRAM                           55E      55E        2      501       1
                cinit                              4BF4     4BF4       7E      71B       0
                nvBANK6                             6DF      6DF       12      600       1
                idataBANK6                         5882     5882        B      71B       0
                idataBANK5                         597C     597C        3     2C47       0

TOTAL           Name                               Link     Load   Length     Space
        CLASS   CODE           
                init                                 1A       1A        4         0
                reset_vec                             0        0        4         0
                ivt0x8                                8        8       12         0
                text136                            5978     5978        4         0
                text135                            5974     5974        4         0
                text134                            507E     507E       58         0
                text133                            5830     5830       16         0
                text132                            5956     5956        6         0
                text131                            58F2     58F2        A         0
                text130                            4C72     4C72       78         0
                text129                            3EAA     3EAA      106         0
                text128                            590C     590C        8         0
                text127                            581A     581A       16         0
                text126                            5950     5950        6         0
                text125                            5804     5804       16         0
                text124                            2456     2456      390         0
                text123                            1C9E     1C9E      426         0
                text122                            32CC     32CC      1B4         0
                text121                            41AA     41AA       EE         0
                text120                            5970     5970        4         0
                text119                            596C     596C        4         0
                text118                            58E8     58E8        A         0
                text117                            58DE     58DE        A         0
                text116                            489C     489C       A4         0
                text115                            5610     5610       30         0
                text114                            46A4     46A4       AE         0
                text113                            4EA2     4EA2       66         0
                text112                            598E     598E        2         0
                text111                            55E0     55E0       30         0
                text110                            5876     5876        C         0
                text109                            54B8     54B8       34         0
                text108                            598C     598C        2         0
                text107                            55B0     55B0       30         0
                text106                            586A     586A        C         0
                text105                            598A     598A        2         0
                text104                            5988     5988        2         0
                text103                            5580     5580       30         0
                text102                            5778     5778       1A         0
                text101                            525A     525A       46         0
                text100                            5986     5986        2         0
                text99                             4D5C     4D5C       72         0
                text98                             5904     5904        8         0
                text97                             594A     594A        6         0
                text96                             4526     4526       C6         0
                text95                             551E     551E       32         0
                text94                             5944     5944        6         0
                text93                             5984     5984        2         0
                text92                             5982     5982        2         0
                text91                             5980     5980        2         0
                text90                             38E6     38E6      14E         0
                text89                             5414     5414       3A         0
                text88                             2F52     2F52      1C2         0
                text87                             5968     5968        4         0
                text86                             512A     512A       54         0
                text85                             4CEA     4CEA       72         0
                text84                             58D4     58D4        A         0
                text83                             593E     593E        6         0
                text82                             5938     5938        6         0
                text81                             5964     5964        4         0
                text80                             5022     5022       5C         0
                text79                             56BE     56BE       22         0
                text78                             5324     5324       40         0
                text77                             5932     5932        6         0
                text76                             5214     5214       46         0
                text75                             4F08     4F08       60         0
                text74                             20C4     20C4      392         0
                text73                             1876     1876      428         0
                text72                             4380     4380       DA         0
                text71                             58CA     58CA        A         0
                text70                             56E0     56E0       20         0
                text69                             592C     592C        6         0
                text68                             57EE     57EE       16         0
                text67                             3C9C     3C9C      108         0
                text66                             3114     3114      1B8         0
                text65                             3DA4     3DA4      106         0
                text64                             3B78     3B78      124         0
                text63                             53DA     53DA       3A         0
                text62                             13BE     13BE      4B8         0
                text61                             51CC     51CC       48         0
                text60                             27E6     27E6      2E4         0
                text59                             2D42     2D42      210         0
                text58                             53A0     53A0       3A         0
                text57                             2ACA     2ACA      278         0
                text56                             360A     360A      17A         0
                text55                             57AA     57AA       18         0
                text54                             517E     517E       4E         0
                text53                             4940     4940       98         0
                text52                             445A     445A       CC         0
                text51                             566E     566E       2A         0
                text50                             5550     5550       30         0
                text49                             5364     5364       3C         0
                text48                             4298     4298       E8         0
                text47                             47F8     47F8       A4         0
                text46                             4FC6     4FC6       5C         0
                text45                             57D8     57D8       16         0
                text44                             5926     5926        6         0
                text43                             585E     585E        C         0
                text42                             4B74     4B74       80         0
                text41                             3FB0     3FB0      102         0
                text40                             40B2     40B2       F8         0
                text39                             3480     3480      18A         0
                text38                             5960     5960        4         0
                text37                             595C     595C        4         0
                text36                             5852     5852        C         0
                text35                             5846     5846        C         0
                text34                             4752     4752       A6         0
                text33                             5484     5484       34         0
                text32                             45EC     45EC       B8         0
                text31                             3A34     3A34      144         0
                text30                             5920     5920        6         0
                text29                             4F68     4F68       5E         0
                text28                             57C2     57C2       16         0
                text27                             58FC     58FC        8         0
                text26                             58C0     58C0        A         0
                text25                             58B6     58B6        A         0
                text24                             58AC     58AC        A         0
                text23                             52E4     52E4       40         0
                text22                             591A     591A        6         0
                text21                             5914     5914        6         0
                text20                             4A68     4A68       88         0
                text19                             575A     575A       1E         0
                text18                             58A2     58A2        A         0
                text17                             5898     5898        A         0
                text16                             588E     588E        A         0
                text15                             4E3A     4E3A       68         0
                text14                             52A0     52A0       44         0
                text13                             5698     5698       26         0
                text12                             573C     573C       1E         0
                text11                             571E     571E       1E         0
                text10                             5700     5700       1E         0
                text9                              49D8     49D8       90         0
                text8                              5640     5640       2E         0
                text7                              50D6     50D6       54         0
                text6                              5792     5792       18         0
                text5                              544E     544E       36         0
                text4                              4DCE     4DCE       6C         0
                text3                              54EC     54EC       32         0
                text2                              4AF0     4AF0       84         0
                text1                               E36      E36      588         0
                text0                              3784     3784      162         0
                cinit                              4BF4     4BF4       7E         0
                idataBANK6                         5882     5882        B         0
                idataBANK5                         597C     597C        3         0

        CLASS   CONST          

        CLASS   SMALLCONST     
                smallconst                          E00      E00       36         0

        CLASS   MEDIUMCONST    

        CLASS   COMRAM         
                cstackCOMRAM                        501      501       5D         1
                bssCOMRAM                           55E      55E        2         1

        CLASS   ABS1           

        CLASS   BIGRAM         

        CLASS   RAM            

        CLASS   BANK5          
                cstackBANK5                         560      560       8C         1
                dataBANK5                           5FD      5FD        3         1
                bssBANK5                            5EC      5EC       11         1

        CLASS   BANK6          
                dataBANK6                           6F1      6F1        B         1
                bssBANK6                            600      600       DF         1
                nvBANK6                             6DF      6DF       12         1

        CLASS   BANK7          
                bssBANK7                            700      700       80         1

        CLASS   BANK8          

        CLASS   BANK9          

        CLASS   BANK10         

        CLASS   BANK11         

        CLASS   BANK12         

        CLASS   SFR            

        CLASS   BIGSFR         

        CLASS   CONFIG         
                config                           300000   300000        A         4

        CLASS   IDLOC          

        CLASS   EEDATA         

        CLASS   FARRAM         

        CLASS   HEAP           

        CLASS   STACK          



SEGMENTS        Name                           Load    Length   Top    Selector   Space  Class

                reset_vec                      000000  000004  000004         0       0  CODE    
                ivt0x8                         000008  000016  00001E         4       0  CODE    
                cstackCOMRAM                   000501  00005F  000560       501       1  COMRAM  
                cstackBANK5                    000560  0000A0  000600       560       1  BANK5   
                bssBANK6                       000600  0000FC  0006FC       600       1  BANK6   
                bssBANK7                       000700  000080  000780       700       1  BANK7   
                smallconst                     000E00  000036  000E36       700       0  SMALLCON
                text1                          000E36  004A57  00588D       71B       0  CODE    
                text16                         00588E  0000F1  00597F      2C47       0  CODE    
                text91                         005980  000010  005990      2CC0       0  CODE    


UNUSED ADDRESS RANGES

        Name                Unused          Largest block    Delta
        BANK10           000A00-000AFF              100
        BANK11           000B00-000BFF              100
        BANK12           000C00-000CFF              100
        BANK6            0006FC-0006FF                4
        BANK7            000780-0007FF               80
        BANK8            000800-0008FF              100
        BANK9            000900-0009FF              100
        BIGRAM           0006FC-0006FF                4
                         000780-000CFF              580
        BIGSFR           000000-0004FF              500
                         000D00-000DFF              100
        CODE             000004-000007                4
                         00001E-000DFF              DE2
                         00588D-00588D                1
                         00597F-00597F                1
                         005990-007FFF             2670
        CONFIG           30000A-300011                8
        CONST            000004-000007                4
                         00001E-000DFF              DE2
                         00588D-00588D                1
                         00597F-00597F                1
                         005990-007FFF             2670
        EEDATA           380000-3803FF              400
        IDLOC            200000-20003F               40
        MEDIUMCONST      00588D-00588D                1
                         00597F-00597F                1
                         005990-007FFF             2670
        RAM              0006FC-0006FF                4
                         000780-000CFF              100
        SFR              000000-0004FF              100
                         000D00-000DFF              100
        SMALLCONST       00588D-00588D                1
                         00597F-00597F                1
                         005990-007FFF              100

                                  Symbol Table

?_ADC_ConversionResultGet                                     cstackBANK5  000560
?_EEPROM_ReadUInt16                                           cstackBANK5  000566
?_EEPROM_ReadUInt32                                           cstackBANK5  000566
?___fladd                                                     cstackBANK5  000587
?___fldiv                                                     cstackBANK5  000587
?___flmul                                                     cstackBANK5  00056E
?___flneg                                                     cstackBANK5  000560
?___flsub                                                     cstackBANK5  000597
?___fltol                                                     cstackBANK5  0005BE
?___lldiv                                                     cstackBANK5  000560
?___lmul                                                      cstackBANK5  000560
?___xxtofl                                                    cstackBANK5  000560
?_adjustFlowMeasurement                                       cstackBANK5  000587
?_calculateFlow                                               cstackBANK5  0005D8
?_convertFlowToJoules                                         cstackBANK5  0005A0
?_getBattery                                                  cstackBANK5  0005A0
?_getFlow                                                     cstackBANK5  0005C8
?_getFlowOffset                                               cstackBANK5  0005A0
?_roundf                                                      cstackBANK5  00059F
?i2_ADC_ConversionResultGet                                   cstackCOMRAM 000501
?i2___fldiv                                                   cstackCOMRAM 000528
?i2___flmul                                                   cstackCOMRAM 00050F
?i2___fltol                                                   cstackCOMRAM 000550
?i2___lldiv                                                   cstackCOMRAM 000501
?i2___xxtofl                                                  cstackCOMRAM 000501
?i2_getFlowOffset                                             cstackCOMRAM 000541
ADC_ChannelSelect@channel                                     cstackBANK5  000560
EEPROM_Read@address                                           cstackBANK5  000560
EEPROM_ReadUInt16@addr                                        cstackBANK5  000566
EEPROM_ReadUInt16@b0                                          cstackBANK5  00056B
EEPROM_ReadUInt16@b1                                          cstackBANK5  00056C
EEPROM_ReadUInt32@addr                                        cstackBANK5  000566
EEPROM_ReadUInt32@b0                                          cstackBANK5  00057E
EEPROM_ReadUInt32@b1                                          cstackBANK5  00057F
EEPROM_ReadUInt32@b2                                          cstackBANK5  000580
EEPROM_ReadUInt32@b3                                          cstackBANK5  000581
EEPROM_Write@address                                          cstackBANK5  000560
EEPROM_Write@data                                             cstackBANK5  000563
EEPROM_Write@globalInterruptBitValue                          cstackBANK5  000567
EEPROM_WriteUInt16@addr                                       cstackBANK5  000568
EEPROM_WriteUInt16@value                                      cstackBANK5  00056B
EEPROM_WriteUInt32@addr                                       cstackBANK5  000568
EEPROM_WriteUInt32@value                                      cstackBANK5  00056B
FlowAndTankMeasurement@percentage                             cstackBANK5  0005E0
FlowAndTankMeasurement@scaledPercentage                       cstackBANK5  0005E8
INT0_SetInterruptHandler@InterruptHandler                     cstackBANK5  000560
INT1_SetInterruptHandler@InterruptHandler                     cstackBANK5  000560
INT2_SetInterruptHandler@InterruptHandler                     cstackBANK5  000560
IVTBASEH                                                      (abs)        00045E
IVTBASEL                                                      (abs)        00045D
IVTBASEU                                                      (abs)        00045F
NVM_UnlockKeySet@unlockKey                                    cstackBANK5  000560
PWM1_16BIT_Period_SetInterruptHandler@InterruptHandler        cstackBANK5  000560
PWM1_16BIT_SetSlice1Output1DutyCycleRegister@registerValue    cstackBANK5  000560
PWM1_16BIT_Slice1Output1_SetInterruptHandler@InterruptHandler cstackBANK5  000560
PWM1_16BIT_Slice1Output2_SetInterruptHandler@InterruptHandler cstackBANK5  000560
PWM1_16BIT_WritePeriodRegister@periodCount                    cstackBANK5  000560
TMR1_CounterSet@onState                                       cstackCOMRAM 000503
TMR1_CounterSet@timerVal                                      cstackCOMRAM 000501
TMR4_DefaultPeriodMatchCallback@flowCurrentValue              cstackCOMRAM 00055A
TMR4_PeriodSet@periodVal                                      cstackBANK5  000560
UART3_FramingErrorCallbackRegister@callbackHandler            cstackBANK5  000560
UART3_OverrunErrorCallbackRegister@callbackHandler            cstackBANK5  000560
UART3_ParityErrorCallbackRegister@callbackHandler             cstackBANK5  000560
UART3_Read@readValue                                          cstackBANK5  000561
UART3_Read@tempRxTail                                         cstackBANK5  000560
UART3_ReceiveISR@regValue                                     cstackCOMRAM 000501
UART3_ReceiveISR@tempRxHead                                   cstackCOMRAM 000502
UART3_TransmitISR@tempTxTail                                  cstackCOMRAM 000501
UART3_Write@tempTxHead                                        cstackBANK5  000560
UART3_Write@txData                                            cstackBANK5  000561
_ACTCON                                                       (abs)        0000AC
_ADACCH                                                       (abs)        0003E4
_ADACCL                                                       (abs)        0003E3
_ADACCU                                                       (abs)        0003E5
_ADACQH                                                       (abs)        0003EF
_ADACQL                                                       (abs)        0003EE
_ADACT                                                        (abs)        0003F9
_ADCAP                                                        (abs)        0003F0
_ADCLK                                                        (abs)        0003FA
_ADCNT                                                        (abs)        0003E6
_ADCON0                                                       (abs)        0003F3
_ADCON0bits                                                   (abs)        0003F3
_ADCON1                                                       (abs)        0003F4
_ADCON1bits                                                   (abs)        0003F4
_ADCON2                                                       (abs)        0003F5
_ADCON2bits                                                   (abs)        0003F5
_ADCON3                                                       (abs)        0003F6
_ADCON3bits                                                   (abs)        0003F6
_ADCP                                                         (abs)        0003D8
_ADCPbits                                                     (abs)        0003D8
_ADC_ChannelSelect                                            text71       0058CA
_ADC_ConversionDoneCallback                                   bssBANK6     0006C2
_ADC_ConversionResultGet                                      text70       0056E0
_ADC_ConversionStart                                          text69       00592C
_ADC_ISR                                                      text136      005978
_ADC_Initialize                                               text29       004F68
_ADC_IsConversionDone                                         text68       0057EE
_ADC_ThresholdCallback                                        bssBANK6     0006C0
_ADC_ThresholdISR                                             text135      005974
_ADERRH                                                       (abs)        0003DE
_ADERRL                                                       (abs)        0003DD
_ADFLTRH                                                      (abs)        0003E2
_ADFLTRL                                                      (abs)        0003E1
_ADLTHH                                                       (abs)        0003DA
_ADLTHL                                                       (abs)        0003D9
_ADPCH                                                        (abs)        0003EC
_ADPREH                                                       (abs)        0003F2
_ADPREL                                                       (abs)        0003F1
_ADPREVH                                                      (abs)        0003E9
_ADPREVL                                                      (abs)        0003E8
_ADREF                                                        (abs)        0003F8
_ADRESH                                                       (abs)        0003EB
_ADRESL                                                       (abs)        0003EA
_ADRPT                                                        (abs)        0003E7
_ADSTAT                                                       (abs)        0003F7
_ADSTATbits                                                   (abs)        0003F7
_ADSTPTH                                                      (abs)        0003E0
_ADSTPTL                                                      (abs)        0003DF
_ADUTHH                                                       (abs)        0003DC
_ADUTHL                                                       (abs)        0003DB
_ANSELA                                                       (abs)        000400
_ANSELAbits                                                   (abs)        000400
_ANSELB                                                       (abs)        000408
_ANSELBbits                                                   (abs)        000408
_ANSELC                                                       (abs)        000410
_ANSELCbits                                                   (abs)        000410
_Activity_Start                                               bssBANK6     0006C9
_BoardSleep                                                   text80       005022
_CLOCK_Initialize                                             text28       0057C2
_CloseValve                                                   text76       005214
_EEPROM_Count_ToWrite                                         bssBANK6     0006B6
_EEPROM_LoadExistingValue                                     text47       0047F8
_EEPROM_Read                                                  text50       005550
_EEPROM_ReadUInt16                                            text49       005364
_EEPROM_ReadUInt32                                            text48       004298
_EEPROM_SetupValue                                            text39       003480
_EEPROM_Write                                                 text46       004FC6
_EEPROM_WriteUInt16                                           text42       004B74
_EEPROM_WriteUInt32                                           text41       003FB0
_FLOW_STATE_ANALYSIS                                          bssBANK6     0006C5
_FVRCON                                                       (abs)        0003D7
_FVRCONbits                                                   (abs)        0003D7
_FVR_Initialize                                               text27       0058FC
_FlowAndTankMeasurement                                       text57       002ACA
_FlowAndTankMeasurement$4557                                  cstackBANK5  0005E4
_INLVLA                                                       (abs)        000404
_INLVLB                                                       (abs)        00040C
_INLVLC                                                       (abs)        000414
_INLVLE                                                       (abs)        000424
_INT0PPS                                                      (abs)        00023E
_INT0_CallBack                                                text111      0055E0
_INT0_DefaultInterruptHandler                                 text112      00598E
_INT0_ISR                                                     text110      005876
_INT0_InterruptHandler                                        bssBANK6     0006BE
_INT0_SetInterruptHandler                                     text26       0058C0
_INT1PPS                                                      (abs)        00023F
_INT1_CallBack                                                text107      0055B0
_INT1_DefaultInterruptHandler                                 text108      00598C
_INT1_ISR                                                     text106      00586A
_INT1_InterruptHandler                                        bssBANK6     0006BC
_INT1_SetInterruptHandler                                     text25       0058B6
_INT2PPS                                                      (abs)        000240
_INT2_CallBack                                                text103      005580
_INT2_DefaultInterruptHandler                                 text104      005988
_INT2_ISR                                                     text102      005778
_INT2_InterruptHandler                                        bssBANK6     0006BA
_INT2_SetInterruptHandler                                     text24       0058AC
_INTCON0bits                                                  (abs)        0004D6
_INTERRUPT_Initialize                                         text23       0052E4
_INTERRUPT_InterruptManager                                   text88       002F52
_IOCAF                                                        (abs)        000407
_IOCAN                                                        (abs)        000406
_IOCAP                                                        (abs)        000405
_IOCBF                                                        (abs)        00040F
_IOCBN                                                        (abs)        00040E
_IOCBP                                                        (abs)        00040D
_IOCCF                                                        (abs)        000417
_IOCCN                                                        (abs)        000416
_IOCCP                                                        (abs)        000415
_IOCEF                                                        (abs)        000427
_IOCEN                                                        (abs)        000426
_IOCEP                                                        (abs)        000425
_InitializePins                                               text79       0056BE
_LATA                                                         (abs)        0004BE
_LATAbits                                                     (abs)        0004BE
_LATB                                                         (abs)        0004BF
_LATBbits                                                     (abs)        0004BF
_LATC                                                         (abs)        0004C0
_LATCbits                                                     (abs)        0004C0
_LATD                                                         (abs)        0004C1
_LATE                                                         (abs)        0004C2
_LoadOrInitializeEEPROM                                       text31       003A34
_LockControl                                                  text78       005324
_MainActivity                                                 text51       00566E
_Mode_Active                                                  text86       00512A
_Mode_Sleep                                                   text85       004CEA
_NVMADRH                                                      (abs)        000044
_NVMADRL                                                      (abs)        000043
_NVMADRU                                                      (abs)        000045
_NVMCON0bits                                                  (abs)        000040
_NVMCON1bits                                                  (abs)        000041
_NVMDATH                                                      (abs)        000047
_NVMDATL                                                      (abs)        000046
_NVMLOCK                                                      (abs)        000042
_NVM_Initialize                                               text21       005914
_NVM_IsBusy                                                   text45       0057D8
_NVM_StatusClear                                              text22       00591A
_NVM_UnlockKeyClear                                           text44       005926
_NVM_UnlockKeySet                                             text43       00585E
_ODCONA                                                       (abs)        000402
_ODCONB                                                       (abs)        00040A
_ODCONBbits                                                   (abs)        00040A
_ODCONC                                                       (abs)        000412
_ODCONE                                                       (abs)        000422
_OSCCON1                                                      (abs)        0000AD
_OSCCON3                                                      (abs)        0000AF
_OSCEN                                                        (abs)        0000B3
_OSCFRQ                                                       (abs)        0000B1
_OSCTUNE                                                      (abs)        0000B0
_OpenValve                                                    text75       004F08
_PIE10bits                                                    (abs)        0004A8
_PIE11bits                                                    (abs)        0004A9
_PIE1bits                                                     (abs)        00049F
_PIE2bits                                                     (abs)        0004A0
_PIE3bits                                                     (abs)        0004A1
_PIE4bits                                                     (abs)        0004A2
_PIE6bits                                                     (abs)        0004A4
_PIE9bits                                                     (abs)        0004A7
_PIN_MANAGER_Initialize                                       text20       004A68
_PIR10bits                                                    (abs)        0004B8
_PIR11bits                                                    (abs)        0004B9
_PIR1bits                                                     (abs)        0004AF
_PIR2bits                                                     (abs)        0004B0
_PIR3bits                                                     (abs)        0004B1
_PIR4bits                                                     (abs)        0004B2
_PIR6bits                                                     (abs)        0004B4
_PIR9bits                                                     (abs)        0004B7
_PMD0                                                         (abs)        000060
_PMD1                                                         (abs)        000061
_PMD3                                                         (abs)        000063
_PMD4                                                         (abs)        000064
_PMD5                                                         (abs)        000065
_PMD6                                                         (abs)        000066
_PMD7                                                         (abs)        000067
_PMD8                                                         (abs)        000068
_PMD_Initialize                                               text19       00575A
_PORTAbits                                                    (abs)        0004CE
_PORTCbits                                                    (abs)        0004D0
_PWM1CLK                                                      (abs)        000461
_PWM1CON                                                      (abs)        000469
_PWM1CONbits                                                  (abs)        000469
_PWM1CPRE                                                     (abs)        000465
_PWM1ERS                                                      (abs)        000460
_PWM1GIE                                                      (abs)        000468
_PWM1GIEbits                                                  (abs)        000468
_PWM1GIR                                                      (abs)        000467
_PWM1GIRbits                                                  (abs)        000467
_PWM1LDS                                                      (abs)        000462
_PWM1PIPOS                                                    (abs)        000466
_PWM1PRH                                                      (abs)        000464
_PWM1PRL                                                      (abs)        000463
_PWM1S1CFG                                                    (abs)        00046A
_PWM1S1P1H                                                    (abs)        00046C
_PWM1S1P1L                                                    (abs)        00046B
_PWM1S1P2H                                                    (abs)        00046E
_PWM1S1P2L                                                    (abs)        00046D
_PWM1_16BIT_Disable                                           text87       005968
_PWM1_16BIT_Enable                                            text38       005960
_PWM1_16BIT_Initialize                                        text15       004E3A
_PWM1_16BIT_LoadBufferRegisters                               text37       00595C
_PWM1_16BIT_Period_DefaultInterruptHandler                    (abs)        000000
_PWM1_16BIT_Period_InterruptHandler                           nvBANK6      0006EB
_PWM1_16BIT_Period_SetInterruptHandler                        text18       0058A2
_PWM1_16BIT_SetSlice1Output1DutyCycleRegister                 text36       005852
_PWM1_16BIT_Slice1Output1_DefaultInterruptHandler             (abs)        000000
_PWM1_16BIT_Slice1Output1_InterruptHandler                    nvBANK6      0006EF
_PWM1_16BIT_Slice1Output1_SetInterruptHandler                 text17       005898
_PWM1_16BIT_Slice1Output2_DefaultInterruptHandler             (abs)        000000
_PWM1_16BIT_Slice1Output2_InterruptHandler                    nvBANK6      0006ED
_PWM1_16BIT_Slice1Output2_SetInterruptHandler                 text16       00588E
_PWM1_16BIT_WritePeriodRegister                               text35       005846
_ProgramInitialize                                            text30       005920
_RA4PPS                                                       (abs)        000205
_RB1I2C                                                       (abs)        000289
_RB2I2C                                                       (abs)        000288
_RC2PPS                                                       (abs)        000213
_RC3I2C                                                       (abs)        000287
_RC4I2C                                                       (abs)        000286
_SCREEN_OFF_TIME                                              dataBANK6    0006F5
_SCREEN_ON_TIME                                               dataBANK6    0006F7
_SCREEN_STATE                                                 dataBANK6    0006F9
_SHUTDOWN_FLAG                                                dataBANK5    0005FD
_SLRCONA                                                      (abs)        000403
_SLRCONB                                                      (abs)        00040B
_SLRCONC                                                      (abs)        000413
_SLRCONE                                                      (abs)        000423
_SYSTEM_Initialize                                            text8        005640
_StopValve                                                    text77       005932
_T1CLK                                                        (abs)        000321
_T1CON                                                        (abs)        00031E
_T1CONbits                                                    (abs)        00031E
_T1GATE                                                       (abs)        000320
_T1GCON                                                       (abs)        00031F
_T1GCONbits                                                   (abs)        00031F
_T4CLKCON                                                     (abs)        000332
_T4CON                                                        (abs)        000330
_T4CONbits                                                    (abs)        000330
_T4HLT                                                        (abs)        000331
_T4HLTbits                                                    (abs)        000331
_T4PR                                                         (abs)        00032F
_T4RST                                                        (abs)        000333
_T4RSTbits                                                    (abs)        000333
_T4TMR                                                        (abs)        00032E
_TABLAT                                                       (abs)        0004F5
_TBLPTRH                                                      (abs)        0004F7
_TBLPTRL                                                      (abs)        0004F6
_TBLPTRU                                                      (abs)        0004F8
_TMR1H                                                        (abs)        00031D
_TMR1L                                                        (abs)        00031C
_TMR1_CounterSet                                              text101      00525A
_TMR1_DefaultGateCallback                                     (abs)        000000
_TMR1_DefaultOverflowCallback                                 text100      005986
_TMR1_GateCallback                                            nvBANK6      0006E1
_TMR1_Initialize                                              text14       0052A0
_TMR1_OverflowCallback                                        nvBANK6      0006E3
_TMR1_OverflowISR                                             text99       004D5C
_TMR4_DefaultPeriodMatchCallback                              text96       004526
_TMR4_ISR                                                     text95       00551E
_TMR4_Initialize                                              text13       005698
_TMR4_PeriodMatchCallback                                     nvBANK6      0006DF
_TMR4_PeriodSet                                               text84       0058D4
_TMR4_Start                                                   text83       00593E
_TMR4_Stop                                                    text82       005938
_TMR4_TMRInterruptEnable                                      text81       005964
_TRISA                                                        (abs)        0004C6
_TRISAbits                                                    (abs)        0004C6
_TRISB                                                        (abs)        0004C7
_TRISBbits                                                    (abs)        0004C7
_TRISC                                                        (abs)        0004C8
_TRISCbits                                                    (abs)        0004C8
_TRISD                                                        (abs)        0004C9
_TRISE                                                        (abs)        0004CA
_Timer_Countdown                                              bssBANK5     0005F2
_U3BRGH                                                       (abs)        0002D5
_U3BRGL                                                       (abs)        0002D4
_U3CON0                                                       (abs)        0002D1
_U3CON0bits                                                   (abs)        0002D1
_U3CON1                                                       (abs)        0002D2
_U3CON1bits                                                   (abs)        0002D2
_U3CON2                                                       (abs)        0002D3
_U3ERRIE                                                      (abs)        0002D9
_U3ERRIR                                                      (abs)        0002D8
_U3ERRIRbits                                                  (abs)        0002D8
_U3FIFO                                                       (abs)        0002D6
_U3P1L                                                        (abs)        0002CB
_U3P2L                                                        (abs)        0002CD
_U3P3L                                                        (abs)        0002CF
_U3RXB                                                        (abs)        0002C7
_U3RXPPS                                                      (abs)        000276
_U3TXB                                                        (abs)        0002C9
_U3UIR                                                        (abs)        0002D7
_U3UIRbits                                                    (abs)        0002D7
_UART3                                                        smallconst   000E01
_UART3_AutoBaudQuery                                          (abs)        000000
_UART3_AutoBaudSet                                            (abs)        000000
_UART3_DefaultFramingErrorCallback                            text93       005984
_UART3_DefaultOverrunErrorCallback                            text92       005982
_UART3_DefaultParityErrorCallback                             text91       005980
_UART3_Deinitialize                                           (abs)        000000
_UART3_ErrorGet                                               (abs)        000000
_UART3_FramingErrorCallbackRegister                           text12       00573C
_UART3_FramingErrorHandler                                    bssBANK6     0006AE
_UART3_GeneralErrorInterruptHandler                           bssBANK6     0006A4
_UART3_GeneralISR                                             text94       005944
_UART3_GeneralInterruptHandler                                nvBANK6      0006E9
_UART3_Initialize                                             text9        0049D8
_UART3_IsRxReady                                              text6        005792
_UART3_IsTxDone                                               (abs)        000000
_UART3_IsTxReady                                              text55       0057AA
_UART3_OverrunErrorCallbackRegister                           text11       00571E
_UART3_OverrunErrorHandler                                    bssBANK6     0006AC
_UART3_ParityErrorCallbackRegister                            text10       005700
_UART3_ParityErrorHandler                                     bssBANK6     0006AA
_UART3_Read                                                   text5        00544E
_UART3_ReceiveISR                                             text90       0038E6
_UART3_RxCompleteCallbackRegister                             (abs)        000000
_UART3_RxCompleteInterruptHandler                             bssBANK6     0006A6
_UART3_RxInterruptHandler                                     nvBANK6      0006E7
_UART3_TransmitDisable                                        (abs)        000000
_UART3_TransmitEnable                                         (abs)        000000
_UART3_TransmitISR                                            text89       005414
_UART3_TxCompleteCallbackRegister                             (abs)        000000
_UART3_TxCompleteInterruptHandler                             bssBANK6     0006A8
_UART3_TxInterruptHandler                                     nvBANK6      0006E5
_UART3_Write                                                  text54       00517E
_ValveManual_Open                                             dataBANK6    0006FA
_ValveState_Open                                              bssBANK6     0006C6
_WPUA                                                         (abs)        000401
_WPUAbits                                                     (abs)        000401
_WPUB                                                         (abs)        000409
_WPUBbits                                                     (abs)        000409
_WPUC                                                         (abs)        000411
_WPUCbits                                                     (abs)        000411
_WPUE                                                         (abs)        000421
__HRAM                                                        (abs)        000000
__H__absolute__                                               __absolute__ 000000
__Habs1                                                       abs1         000000
__Hbank10                                                     bank10       000000
__Hbank11                                                     bank11       000000
__Hbank12                                                     bank12       000000
__Hbank5                                                      bank5        000000
__Hbank6                                                      bank6        000000
__Hbank7                                                      bank7        000000
__Hbank8                                                      bank8        000000
__Hbank9                                                      bank9        000000
__Hbigbss                                                     bigbss       000000
__Hbigdata                                                    bigdata      000000
__Hbigram                                                     bigram       000000
__Hbigsfr                                                     bigsfr       000000
__Hbss                                                        bss          000000
__HbssBANK5                                                   bssBANK5     000000
__HbssBANK6                                                   bssBANK6     000000
__HbssBANK7                                                   bssBANK7     000000
__HbssCOMRAM                                                  bssCOMRAM    000000
__Hcinit                                                      cinit        000000
__Hclrtext                                                    clrtext      000000
__Hcomram                                                     comram       000000
__Hconfig                                                     config       30000A
__Hconst                                                      const        000000
__HcstackBANK5                                                cstackBANK5  000000
__HcstackCOMRAM                                               cstackCOMRAM 000000
__Hdata                                                       data         000000
__HdataBANK5                                                  dataBANK5    000000
__HdataBANK6                                                  dataBANK6    000000
__Heeprom_data                                                eeprom_data  000000
__Hfarbss                                                     farbss       000000
__Hfardata                                                    fardata      000000
__Hheap                                                       heap         000000
__Hibigdata                                                   ibigdata     000000
__Hidata                                                      idata        000000
__HidataBANK5                                                 idataBANK5   000000
__HidataBANK6                                                 idataBANK6   000000
__Hidloc                                                      idloc        000000
__Hifardata                                                   ifardata     000000
__Hinit                                                       init         00001E
__Hintsave_regs                                               intsave_regs 000000
__Hirdata                                                     irdata       000000
__Hivt0x8                                                     ivt0x8       00001A
__Hmediumconst                                                mediumconst  000000
__HnvBANK6                                                    nvBANK6      000000
__HnvFARRAM                                                   nvFARRAM     000000
__Hnvbit                                                      nvbit        000000
__Hnvrram                                                     nvrram       000000
__Hparam                                                      rparam       000000
__Hpowerup                                                    powerup      000000
__Hram                                                        ram          000000
__Hramtop                                                     ramtop       000E00
__Hrbit                                                       rbit         000000
__Hrbss                                                       rbss         000000
__Hrdata                                                      rdata        000000
__Hreset_vec                                                  reset_vec    000004
__Hrparam                                                     rparam       000000
__Hsfr                                                        sfr          000000
__Hsmallconst                                                 smallconst   000E36
__Hspace_0                                                    (abs)        005990
__Hspace_1                                                    (abs)        000780
__Hspace_2                                                    (abs)        000000
__Hspace_4                                                    (abs)        60000A
__Hstack                                                      stack        000000
__Hstruct                                                     struct       000000
__Htemp                                                       temp         000000
__Htext                                                       text         000000
__Htext0                                                      text0        000000
__Htext1                                                      text1        000000
__Htext10                                                     text10       000000
__Htext100                                                    text100      000000
__Htext101                                                    text101      000000
__Htext102                                                    text102      000000
__Htext103                                                    text103      000000
__Htext104                                                    text104      000000
__Htext105                                                    text105      000000
__Htext106                                                    text106      000000
__Htext107                                                    text107      000000
__Htext108                                                    text108      000000
__Htext109                                                    text109      000000
__Htext11                                                     text11       000000
__Htext110                                                    text110      000000
__Htext111                                                    text111      000000
__Htext112                                                    text112      000000
__Htext113                                                    text113      000000
__Htext114                                                    text114      000000
__Htext115                                                    text115      000000
__Htext116                                                    text116      000000
__Htext117                                                    text117      000000
__Htext118                                                    text118      000000
__Htext119                                                    text119      000000
__Htext12                                                     text12       000000
__Htext120                                                    text120      000000
__Htext121                                                    text121      000000
__Htext122                                                    text122      000000
__Htext123                                                    text123      000000
__Htext124                                                    text124      000000
__Htext125                                                    text125      000000
__Htext126                                                    text126      000000
__Htext127                                                    text127      000000
__Htext128                                                    text128      000000
__Htext129                                                    text129      000000
__Htext13                                                     text13       000000
__Htext130                                                    text130      000000
__Htext131                                                    text131      000000
__Htext132                                                    text132      000000
__Htext133                                                    text133      000000
__Htext134                                                    text134      000000
__Htext135                                                    text135      000000
__Htext136                                                    text136      000000
__Htext14                                                     text14       000000
__Htext15                                                     text15       000000
__Htext16                                                     text16       000000
__Htext17                                                     text17       000000
__Htext18                                                     text18       000000
__Htext19                                                     text19       000000
__Htext2                                                      text2        000000
__Htext20                                                     text20       000000
__Htext21                                                     text21       000000
__Htext22                                                     text22       000000
__Htext23                                                     text23       000000
__Htext24                                                     text24       000000
__Htext25                                                     text25       000000
__Htext26                                                     text26       000000
__Htext27                                                     text27       000000
__Htext28                                                     text28       000000
__Htext29                                                     text29       000000
__Htext3                                                      text3        000000
__Htext30                                                     text30       000000
__Htext31                                                     text31       000000
__Htext32                                                     text32       000000
__Htext33                                                     text33       000000
__Htext34                                                     text34       000000
__Htext35                                                     text35       000000
__Htext36                                                     text36       000000
__Htext37                                                     text37       000000
__Htext38                                                     text38       000000
__Htext39                                                     text39       000000
__Htext4                                                      text4        000000
__Htext40                                                     text40       000000
__Htext41                                                     text41       000000
__Htext42                                                     text42       000000
__Htext43                                                     text43       000000
__Htext44                                                     text44       000000
__Htext45                                                     text45       000000
__Htext46                                                     text46       000000
__Htext47                                                     text47       000000
__Htext48                                                     text48       000000
__Htext49                                                     text49       000000
__Htext5                                                      text5        000000
__Htext50                                                     text50       000000
__Htext51                                                     text51       000000
__Htext52                                                     text52       000000
__Htext53                                                     text53       000000
[...]
getFlow@flowMeasurement                                       cstackBANK5  0005D4
getFlowOffset@adcResult                                       cstackBANK5  0005AD
getFlowOffset@adcVoltage                                      cstackBANK5  0005A5
getFlowOffset@flowMeasurement                                 cstackBANK5  0005A9
i2ADC_ChannelSelect@channel                                   cstackCOMRAM 000501
i2EEPROM_Write@address                                        cstackCOMRAM 000501
i2EEPROM_Write@data                                           cstackCOMRAM 000504
i2EEPROM_Write@globalInterruptBitValue                        cstackCOMRAM 000508
i2EEPROM_WriteUInt16@addr                                     cstackCOMRAM 000509
i2EEPROM_WriteUInt16@value                                    cstackCOMRAM 00050C
i2NVM_UnlockKeySet@unlockKey                                  cstackCOMRAM 000501
i2PWM1_16BIT_SetSlice1Output1DutyCycleRegister@registerValue  cstackCOMRAM 000501
i2PWM1_16BIT_WritePeriodRegister@periodCount                  cstackCOMRAM 000501
i2TMR4_PeriodSet@periodVal                                    cstackCOMRAM 000501
i2_ADC_ChannelSelect                                          text128      00590C
i2_ADC_ConversionResultGet                                    text127      00581A
i2_ADC_ConversionStart                                        text126      005950
i2_ADC_IsConversionDone                                       text125      005804
i2_EEPROM_Write                                               text134      00507E
i2_EEPROM_WriteUInt16                                         text130      004C72
i2_NVM_IsBusy                                                 text133      005830
i2_NVM_UnlockKeyClear                                         text132      005956
i2_NVM_UnlockKeySet                                           text131      0058F2
i2_PWM1_16BIT_Enable                                          text120      005970
i2_PWM1_16BIT_LoadBufferRegisters                             text119      00596C
i2_PWM1_16BIT_SetSlice1Output1DutyCycleRegister               text118      0058E8
i2_PWM1_16BIT_WritePeriodRegister                             text117      0058DE
i2_TMR4_PeriodSet                                             text98       005904
i2_TMR4_Start                                                 text97       00594A
i2___fldiv                                                    text124      002456
i2___fldiv@a                                                  cstackCOMRAM 00052C
i2___fldiv@aexp                                               cstackCOMRAM 000540
i2___fldiv@b                                                  cstackCOMRAM 000528
i2___fldiv@bexp                                               cstackCOMRAM 00053F
i2___fldiv@grs                                                cstackCOMRAM 00053B
i2___fldiv@new_exp                                            cstackCOMRAM 000539
i2___fldiv@rem                                                cstackCOMRAM 000534
i2___fldiv@sign                                               cstackCOMRAM 000538
i2___flmul                                                    text123      001C9E
i2___flmul@a                                                  cstackCOMRAM 000513
i2___flmul@aexp                                               cstackCOMRAM 000520
i2___flmul@b                                                  cstackCOMRAM 00050F
i2___flmul@bexp                                               cstackCOMRAM 000521
i2___flmul@grs                                                cstackCOMRAM 00051C
i2___flmul@prod                                               cstackCOMRAM 000522
i2___flmul@sign                                               cstackCOMRAM 00051B
i2___flmul@temp                                               cstackCOMRAM 000526
i2___fltol                                                    text129      003EAA
i2___fltol@exp1                                               cstackCOMRAM 000559
i2___fltol@f1                                                 cstackCOMRAM 000550
i2___fltol@sign1                                              cstackCOMRAM 000558
i2___lldiv                                                    text116      00489C
i2___lldiv@counter                                            cstackCOMRAM 00050D
i2___lldiv@dividend                                           cstackCOMRAM 000501
i2___lldiv@divisor                                            cstackCOMRAM 000505
i2___lldiv@quotient                                           cstackCOMRAM 000509
i2___xxtofl                                                   text122      0032CC
i2___xxtofl@arg                                               cstackCOMRAM 00050B
i2___xxtofl@exp                                               cstackCOMRAM 00050A
i2___xxtofl@sign                                              cstackCOMRAM 000509
i2___xxtofl@val                                               cstackCOMRAM 000501
i2_custom_delay_ms                                            text115      005610
i2_getFlowOffset                                              text121      0041AA
i2_play_tone                                                  text114      0046A4
i2custom_delay_ms@duration_ms                                 cstackCOMRAM 000501
i2getFlowOffset@adcResult                                     cstackCOMRAM 00054E
i2getFlowOffset@adcVoltage                                    cstackCOMRAM 000546
i2getFlowOffset@flowMeasurement                               cstackCOMRAM 00054A
i2play_tone@duration_ms                                       cstackCOMRAM 000510
i2play_tone@frequency                                         cstackCOMRAM 00050E
i2play_tone@period                                            cstackCOMRAM 000514
intlevel0                                                     text         000000
intlevel1                                                     text         000000
intlevel2                                                     text         000000
intlevel3                                                     text         000000
isa$std                                                       (abs)        000001
isa$xinst                                                     (abs)        000000
ivt0x8_base                                                   ivt0x8       000008
listenONDataReceive@CurrentBalance                            cstackBANK5  0005DC
listenONDataReceive@amount                                    cstackBANK5  0005D8
listenONDataReceive@calculatedChecksum                        cstackBANK5  0005E0
listenONDataReceive@checksum                                  cstackBANK5  0005E1
listenONDataReceive@code                                      cstackBANK5  0005CE
listenONDataReceive@code_3427                                 cstackBANK5  0005D3
listenONDataReceive@currentCommand                            bssBANK6     0006C4
listenONDataReceive@expectedBytes                             bssBANK5     0005F4
listenONDataReceive@i                                         cstackBANK5  0005E2
listenONDataReceive@i_3426                                    cstackBANK5  0005E4
listenONDataReceive@receivedByte                              cstackBANK5  0005E6
listenONDataReceive@receivedTankType                          cstackBANK5  0005E7
listenONDataReceive@rxBuffer                                  bssBANK6     0006CB
listenONDataReceive@rxIndex                                   bssBANK5     0005F5
packAlarmFlags@alarms                                         cstackBANK5  000566
play_tone@duration_ms                                         cstackBANK5  00056F
play_tone@frequency                                           cstackBANK5  00056D
play_tone@period                                              cstackBANK5  000573
roundf@F522                                                   bssBANK6     000680
roundf@e                                                      cstackBANK5  0005AF
roundf@sign                                                   cstackBANK5  0005B9
roundf@u                                                      cstackBANK5  0005B1
roundf@x                                                      cstackBANK5  00059F
roundf@y                                                      cstackBANK5  0005BA
roundf@z                                                      cstackBANK5  0005AB
sendPings@CS                                                  cstackBANK5  000567
sendPings@pAlarm                                              cstackBANK5  000568
stackhi                                                       (abs)        000000
stacklo                                                       (abs)        000000
start                                                         init         00001A
start_initialization                                          cinit        004BF4
strncpy@cp                                                    cstackBANK5  000566
strncpy@d                                                     cstackBANK5  000560
strncpy@n                                                     cstackBANK5  000564
strncpy@s                                                     cstackBANK5  000562


MODULE INFORMATION

Module		Function		Class		Link	Load	Size
D:\Program Files\Microchip\xc8\v3.00\pic\sources\c99\common\fltol.c
		___fltol       		CODE           	3C9C	0000	264

D:\Program Files\Microchip\xc8\v3.00\pic\sources\c99\common\fltol.c estimated size: 264

D:\Program Files\Microchip\xc8\v3.00\pic\sources\c99\common\roundf.c
		_roundf        		CODE           	27E6	0000	740

D:\Program Files\Microchip\xc8\v3.00\pic\sources\c99\common\roundf.c estimated size: 740

D:\Program Files\Microchip\xc8\v3.00\pic\sources\c99\common\Umul32.c
		___lmul        		CODE           	4DCE	0000	108

D:\Program Files\Microchip\xc8\v3.00\pic\sources\c99\common\Umul32.c estimated size: 108

D:\Program Files\Microchip\xc8\v3.00\pic\sources\c99\common\xxtofl.c
		___xxtofl      		CODE           	3114	0000	440

D:\Program Files\Microchip\xc8\v3.00\pic\sources\c99\common\xxtofl.c estimated size: 440

mcc_generated_files/timer/src/tmr1.c
		_TMR1_Initialize		CODE           	52A0	0000	68
		_TMR1_DefaultOverflowCallback		CODE           	5986	0000	2
		_TMR1_CounterSet		CODE           	525A	0000	70
		_TMR1_OverflowISR		CODE           	4D5C	0000	114

mcc_generated_files/timer/src/tmr1.c estimated size: 254

mcc_generated_files/system/src/interrupt.c
		_INT0_SetInterruptHandler		CODE           	58C0	0000	10
		_INT1_SetInterruptHandler		CODE           	58B6	0000	10
		_INT2_SetInterruptHandler		CODE           	58AC	0000	10
		_INTERRUPT_Initialize		CODE           	52E4	0000	64
		_INT0_DefaultInterruptHandler		CODE           	598E	0000	2
		_INT0_CallBack 		CODE           	55E0	0000	48
		_INT1_DefaultInterruptHandler		CODE           	598C	0000	2
		_INTERRUPT_InterruptManager		CODE           	2F52	0000	450
		_INT1_CallBack 		CODE           	55B0	0000	48
		_INT2_DefaultInterruptHandler		CODE           	5988	0000	2
		_INT2_CallBack 		CODE           	5580	0000	48
		_INT0_ISR      		CODE           	5876	0000	12
		_INT1_ISR      		CODE           	586A	0000	12
		_INT2_ISR      		CODE           	5778	0000	26

mcc_generated_files/system/src/interrupt.c estimated size: 744

mcc_generated_files/pwm/src/pwm1_16bit.c
		_PWM1_16BIT_Disable		CODE           	5968	0000	4
		_PWM1_16BIT_Period_SetInterruptHandler		CODE           	58A2	0000	10
		_PWM1_16BIT_Slice1Output1_SetInterruptHandler		CODE           	5898	0000	10
		_PWM1_16BIT_Slice1Output2_SetInterruptHandler		CODE           	588E	0000	10
		_PWM1_16BIT_Initialize		CODE           	4E3A	0000	104
		_PWM1_16BIT_LoadBufferRegisters		CODE           	595C	0000	4
		_PWM1_16BIT_SetSlice1Output1DutyCycleRegister		CODE           	5852	0000	12
		_PWM1_16BIT_Enable		CODE           	5960	0000	4
		_PWM1_16BIT_WritePeriodRegister		CODE           	5846	0000	12

mcc_generated_files/pwm/src/pwm1_16bit.c estimated size: 170

mcc_generated_files/uart/src/uart3.c
		_UART3_Read    		CODE           	544E	0000	54
		_UART3_DefaultFramingErrorCallback		CODE           	5984	0000	2
		_UART3_TransmitISR		CODE           	5414	0000	58
		_UART3_ParityErrorCallbackRegister		CODE           	5700	0000	30
		_UART3_GeneralISR		CODE           	5944	0000	6
		_UART3_DefaultOverrunErrorCallback		CODE           	5982	0000	2
		_UART3_IsRxReady		CODE           	5792	0000	24
		_UART3_IsTxReady		CODE           	57AA	0000	24
		_UART3_Write   		CODE           	517E	0000	78
		_UART3_DefaultParityErrorCallback		CODE           	5980	0000	2
		_UART3_FramingErrorCallbackRegister		CODE           	573C	0000	30
		_UART3_OverrunErrorCallbackRegister		CODE           	571E	0000	30
		_UART3_ReceiveISR		CODE           	38E6	0000	334
		_UART3_Initialize		CODE           	49D8	0000	144

mcc_generated_files/uart/src/uart3.c estimated size: 818

mcc_generated_files/adc/src/adc.c
		_ADC_Initialize		CODE           	4F68	0000	94
		_ADC_IsConversionDone		CODE           	57EE	0000	22
		_ADC_ConversionStart		CODE           	592C	0000	6
		_ADC_ChannelSelect		CODE           	58CA	0000	10
		_ADC_ISR       		CODE           	5978	0000	4
		_ADC_ThresholdISR		CODE           	5974	0000	4
		_ADC_ConversionResultGet		CODE           	56E0	0000	32

mcc_generated_files/adc/src/adc.c estimated size: 172

D:\Program Files\Microchip\xc8\v3.00\pic\sources\c99\common\flneg.c
		___flneg       		CODE           	53DA	0000	58

D:\Program Files\Microchip\xc8\v3.00\pic\sources\c99\common\flneg.c estimated size: 58

D:\Program Files\Microchip\xc8\v3.00\pic\sources\c99\common\sprcmul.c
		___flmul       		CODE           	1876	0000	1064

D:\Program Files\Microchip\xc8\v3.00\pic\sources\c99\common\sprcmul.c estimated size: 1064

D:\Program Files\Microchip\xc8\v3.00\pic\sources\c99\common\strncpy.c
		_strncpy       		CODE           	4AF0	0000	132

D:\Program Files\Microchip\xc8\v3.00\pic\sources\c99\common\strncpy.c estimated size: 132

mcc_generated_files/nvm/src/nvm.c
		_NVM_UnlockKeySet		CODE           	585E	0000	12
		_NVM_Initialize		CODE           	5914	0000	6
		_EEPROM_Read   		CODE           	5550	0000	48
		_EEPROM_Write  		CODE           	4FC6	0000	92
		_NVM_UnlockKeyClear		CODE           	5926	0000	6
		_NVM_StatusClear		CODE           	591A	0000	6
		_NVM_IsBusy    		CODE           	57D8	0000	22

mcc_generated_files/nvm/src/nvm.c estimated size: 192

D:\Program Files\Microchip\xc8\v3.00\pic\sources\c99\common\__lldiv.c
		___lldiv       		CODE           	4752	0000	166

D:\Program Files\Microchip\xc8\v3.00\pic\sources\c99\common\__lldiv.c estimated size: 166

mcc_generated_files/system/src/pins.c
		_PIN_MANAGER_Initialize		CODE           	4A68	0000	136

mcc_generated_files/system/src/pins.c estimated size: 136

D:\Program Files\Microchip\xc8\v3.00\pic\sources\c99\common\sprcdiv.c
		___fldiv       		CODE           	20C4	0000	914

D:\Program Files\Microchip\xc8\v3.00\pic\sources\c99\common\sprcdiv.c estimated size: 914

shared
		i2_NVM_UnlockKeyClear		CODE           	5956	0000	6
		i2_ADC_ConversionStart		CODE           	5950	0000	6
		i2_EEPROM_Write		CODE           	507E	0000	88
		i2_ADC_ConversionResultGet		CODE           	581A	0000	22
		i2_EEPROM_WriteUInt16		CODE           	4C72	0000	120
		i2_PWM1_16BIT_LoadBufferRegisters		CODE           	596C	0000	4
		i2_TMR4_Start  		CODE           	594A	0000	6
		i2_TMR4_PeriodSet		CODE           	5904	0000	8
		i2_custom_delay_ms		CODE           	5610	0000	48
		i2___fldiv     		CODE           	2456	0000	912
		i2_NVM_UnlockKeySet		CODE           	58F2	0000	10
		i2___fltol     		CODE           	3EAA	0000	262
		i2___lldiv     		CODE           	489C	0000	164
		__initialization		CODE           	4BF4	0000	116
		i2_play_tone   		CODE           	46A4	0000	174
		_toint         		SMALLCONST     	0000	0000	0
		i2_ADC_IsConversionDone		CODE           	5804	0000	22
		i2_PWM1_16BIT_SetSlice1Output1DutyCycleRegister		CODE           	58E8	0000	10
		i2___flmul     		CODE           	1C9E	0000	1062
		i2_NVM_IsBusy  		CODE           	5830	0000	22
		i2___xxtofl    		CODE           	32CC	0000	436
		i2_getFlowOffset		CODE           	41AA	0000	238
		i2_PWM1_16BIT_Enable		CODE           	5970	0000	4
		_UART3         		SMALLCONST     	0E01	0000	48
		i2_ADC_ChannelSelect		CODE           	590C	0000	8
		i2_PWM1_16BIT_WritePeriodRegister		CODE           	58DE	0000	10

shared estimated size: 3806

D:\Program Files\Microchip\xc8\v3.00\pic\sources\c99\common\flge.c
		___flge        		CODE           	3DA4	0000	262

D:\Program Files\Microchip\xc8\v3.00\pic\sources\c99\common\flge.c estimated size: 262

mcc_generated_files/timer/src/tmr4.c
		_TMR4_DefaultPeriodMatchCallback		CODE           	4526	0000	198
		_TMR4_ISR      		CODE           	551E	0000	50
		_TMR4_PeriodSet		CODE           	58D4	0000	10
		_TMR4_Initialize		CODE           	5698	0000	38
		_TMR4_Stop     		CODE           	5938	0000	6
		_TMR4_Start    		CODE           	593E	0000	6
		_TMR4_TMRInterruptEnable		CODE           	5964	0000	4

mcc_generated_files/timer/src/tmr4.c estimated size: 312

mcc_generated_files/system/src/clock.c
		_CLOCK_Initialize		CODE           	57C2	0000	22

mcc_generated_files/system/src/clock.c estimated size: 22

main.c
		_LoadOrInitializeEEPROM		CODE           	3A34	0000	324
		_listenONDataReceive		CODE           	0E36	0000	1416
		_EEPROM_WriteUInt16		CODE           	4B74	0000	128
		_key1_callback 		CODE           	4EA2	0000	102
		_MainActivity  		CODE           	566E	0000	42
		_EEPROM_LoadExistingValue		CODE           	47F8	0000	164
		_custom_delay_ms		CODE           	5484	0000	52
		_Mode_Active   		CODE           	512A	0000	84
		_adjustFlowMeasurement		CODE           	3B78	0000	292
		_getFlowOffset 		CODE           	40B2	0000	248
		_LockControl   		CODE           	5324	0000	64
		_key2_callback 		CODE           	54B8	0000	52
		_incementLockCounter		CODE           	50D6	0000	84
		_packAlarmFlags		CODE           	4940	0000	152
		_BoardSleep    		CODE           	5022	0000	92
		_convertFlowToJoules		CODE           	4380	0000	218
		_ProgramInitialize		CODE           	5920	0000	6
		_main          		CODE           	3784	0000	354
		_StopValve     		CODE           	5932	0000	6
		_sendPings     		CODE           	445A	0000	204
		_getBattery    		CODE           	360A	0000	378
		_Mode_Sleep    		CODE           	4CEA	0000	114
		_CloseValve    		CODE           	5214	0000	70
		_EEPROM_SetupValue		CODE           	3480	0000	394
		_calculateFlow 		CODE           	53A0	0000	58
		_OpenValve     		CODE           	4F08	0000	96
		_EEPROM_ReadUInt32		CODE           	4298	0000	232
		_EEPROM_ReadUInt16		CODE           	5364	0000	60
		_InitializePins		CODE           	56BE	0000	34
		_FlowAndTankMeasurement		CODE           	2ACA	0000	632
		_play_tone     		CODE           	45EC	0000	184
		_sendSuccessCommand		CODE           	54EC	0000	50
		_getFlow       		CODE           	2D42	0000	528
		_EEPROM_WriteUInt32		CODE           	3FB0	0000	258
		_btTX_RX_callback		CODE           	598A	0000	2

main.c estimated size: 7174

mcc_generated_files/fvr/src/fvr.c
		_FVR_Initialize		CODE           	58FC	0000	8

mcc_generated_files/fvr/src/fvr.c estimated size: 8

D:\Program Files\Microchip\xc8\v3.00\pic\sources\c99\common\sprcadd.c
		___flsub       		CODE           	51CC	0000	72
		___fladd       		CODE           	13BE	0000	1208

D:\Program Files\Microchip\xc8\v3.00\pic\sources\c99\common\sprcadd.c estimated size: 1280

mcc_generated_files/system/src/system.c
		_PMD_Initialize		CODE           	575A	0000	30
		_SYSTEM_Initialize		CODE           	5640	0000	46

mcc_generated_files/system/src/system.c estimated size: 76

